2025-09-25 22:20:18	line:194		Traceback (most recent call last):
  File "C:\wan\wan\lightx2v\infer_webui.py", line 188, in generate
    runner.run_pipeline()
  File "C:\wan\wan\lightx2v\models\runners\default_runner.py", line 288, in run_pipeline
    self.inputs = self.run_input_encoder()
                  ^^^^^^^^^^^^^^^^^^^^^^^^
  File "C:\wan\wan\lightx2v\utils\profiler.py", line 57, in sync_wrapper
    return func(*args, **kwargs)
           ^^^^^^^^^^^^^^^^^^^^^
  File "C:\wan\wan\lightx2v\models\runners\default_runner.py", line 156, in _run_input_encoder_local_i2v
    clip_encoder_out = self.run_image_encoder(img) if self.config.get("use_image_encoder", True) else None
                       ^^^^^^^^^^^^^^^^^^^^^^^^^^^
  File "C:\wan\wan\lightx2v\models\runners\wan\wan_runner.py", line 245, in run_image_encoder
    clip_encoder_out = self.image_encoder.visual([first_frame]).squeeze(0).to(GET_DTYPE())
                       ^^^^^^^^^^^^^^^^^^^^^^^^^^^^^^^^^^^^^^^^
  File "C:\wan\wan\lightx2v\models\input_encoders\hf\xlm_roberta\model.py", line 446, in visual
    videos = torch.cat([F.interpolate(u, size=size, mode="bicubic", align_corners=False) for u in videos])
                        ^^^^^^^^^^^^^^^^^^^^^^^^^^^^^^^^^^^^^^^^^^^^^^^^^^^^^^^^^^^^^^^^
  File "C:\wan\wan\runtime\Lib\site-packages\torch\nn\functional.py", line 4707, in interpolate
    return torch._C._nn.upsample_bicubic2d(
           ^^^^^^^^^^^^^^^^^^^^^^^^^^^^^^^^
RuntimeError: CUDA error: no kernel image is available for execution on the device
CUDA kernel errors might be asynchronously reported at some other API call, so the stacktrace below might be incorrect.
For debugging consider passing CUDA_LAUNCH_BLOCKING=1
Compile with `TORCH_USE_CUDA_DSA` to enable device-side assertions.


2025-09-25 22:21:44	line:194		Traceback (most recent call last):
  File "C:\wan\wan\lightx2v\infer_webui.py", line 188, in generate
    runner.run_pipeline()
  File "C:\wan\wan\lightx2v\models\runners\default_runner.py", line 288, in run_pipeline
    self.inputs = self.run_input_encoder()
                  ^^^^^^^^^^^^^^^^^^^^^^^^
  File "C:\wan\wan\lightx2v\utils\profiler.py", line 57, in sync_wrapper
    return func(*args, **kwargs)
           ^^^^^^^^^^^^^^^^^^^^^
  File "C:\wan\wan\lightx2v\models\runners\default_runner.py", line 156, in _run_input_encoder_local_i2v
    clip_encoder_out = self.run_image_encoder(img) if self.config.get("use_image_encoder", True) else None
                       ^^^^^^^^^^^^^^^^^^^^^^^^^^^
  File "C:\wan\wan\lightx2v\models\runners\wan\wan_runner.py", line 245, in run_image_encoder
    clip_encoder_out = self.image_encoder.visual([first_frame]).squeeze(0).to(GET_DTYPE())
                       ^^^^^^^^^^^^^^^^^^^^^^^^^^^^^^^^^^^^^^^^
  File "C:\wan\wan\lightx2v\models\input_encoders\hf\xlm_roberta\model.py", line 446, in visual
    videos = torch.cat([F.interpolate(u, size=size, mode="bicubic", align_corners=False) for u in videos])
                        ^^^^^^^^^^^^^^^^^^^^^^^^^^^^^^^^^^^^^^^^^^^^^^^^^^^^^^^^^^^^^^^^
  File "C:\wan\wan\runtime\Lib\site-packages\torch\nn\functional.py", line 4707, in interpolate
    return torch._C._nn.upsample_bicubic2d(
           ^^^^^^^^^^^^^^^^^^^^^^^^^^^^^^^^
RuntimeError: CUDA error: no kernel image is available for execution on the device
CUDA kernel errors might be asynchronously reported at some other API call, so the stacktrace below might be incorrect.
For debugging consider passing CUDA_LAUNCH_BLOCKING=1
Compile with `TORCH_USE_CUDA_DSA` to enable device-side assertions.


